Using pre-set license
Built from '2022.3/staging' branch; Version is '2022.3.11f1 (d00248457e15) revision 13632072'; Using compiler version '192829333'; Build Type 'Release'
OS: 'Windows 11  (10.0.22621) 64bit Enterprise' Language: 'en' Physical Memory: 16253 MB
BatchMode: 1, IsHumanControllingUs: 0, StartBugReporterOnCrash: 0, Is64bit: 1, IsPro: 1

COMMAND LINE ARGUMENTS:
C:\Program Files\Unity\Hub\Editor\2022.3.11f1\Editor\Unity.exe
-adb2
-batchMode
-noUpm
-name
AssetImportWorker2
-projectPath
C:/Users/Computing/JoelJamGame
-logFile
Logs/AssetImportWorker2.log
-srvPort
54760
Successfully changed project path to: C:/Users/Computing/JoelJamGame
C:/Users/Computing/JoelJamGame
[UnityMemory] Configuration Parameters - Can be set up in boot.config
    "memorysetup-bucket-allocator-granularity=16"
    "memorysetup-bucket-allocator-bucket-count=8"
    "memorysetup-bucket-allocator-block-size=33554432"
    "memorysetup-bucket-allocator-block-count=8"
    "memorysetup-main-allocator-block-size=16777216"
    "memorysetup-thread-allocator-block-size=16777216"
    "memorysetup-gfx-main-allocator-block-size=16777216"
    "memorysetup-gfx-thread-allocator-block-size=16777216"
    "memorysetup-cache-allocator-block-size=4194304"
    "memorysetup-typetree-allocator-block-size=2097152"
    "memorysetup-profiler-bucket-allocator-granularity=16"
    "memorysetup-profiler-bucket-allocator-bucket-count=8"
    "memorysetup-profiler-bucket-allocator-block-size=33554432"
    "memorysetup-profiler-bucket-allocator-block-count=8"
    "memorysetup-profiler-allocator-block-size=16777216"
    "memorysetup-profiler-editor-allocator-block-size=1048576"
    "memorysetup-temp-allocator-size-main=16777216"
    "memorysetup-job-temp-allocator-block-size=2097152"
    "memorysetup-job-temp-allocator-block-size-background=1048576"
    "memorysetup-job-temp-allocator-reduction-small-platforms=262144"
    "memorysetup-allocator-temp-initial-block-size-main=262144"
    "memorysetup-allocator-temp-initial-block-size-worker=262144"
    "memorysetup-temp-allocator-size-background-worker=32768"
    "memorysetup-temp-allocator-size-job-worker=262144"
    "memorysetup-temp-allocator-size-preload-manager=33554432"
    "memorysetup-temp-allocator-size-nav-mesh-worker=65536"
    "memorysetup-temp-allocator-size-audio-worker=65536"
    "memorysetup-temp-allocator-size-cloud-worker=32768"
    "memorysetup-temp-allocator-size-gi-baking-worker=262144"
    "memorysetup-temp-allocator-size-gfx=262144"
Player connection [19880] Host "[IP] 10.5.24.20 [Port] 0 [Flags] 2 [Guid] 3208118708 [EditorId] 3208118708 [Version] 1048832 [Id] WindowsEditor(7,1A-F6-WINDOWS) [Debug] 1 [PackageName] WindowsEditor [ProjectName] Editor" joined multi-casting on [225.0.0.222:54997]...

Player connection [19880] Host "[IP] 10.5.24.20 [Port] 0 [Flags] 2 [Guid] 3208118708 [EditorId] 3208118708 [Version] 1048832 [Id] WindowsEditor(7,1A-F6-WINDOWS) [Debug] 1 [PackageName] WindowsEditor [ProjectName] Editor" joined alternative multi-casting on [225.0.0.222:34997]...

[Physics::Module] Initialized MultithreadedJobDispatcher with 11 workers.
Refreshing native plugins compatible for Editor in 6.18 ms, found 3 plugins.
Preloading 0 native plugins for Editor in 0.00 ms.
Initialize engine version: 2022.3.11f1 (d00248457e15)
[Subsystems] Discovering subsystems at path C:/Program Files/Unity/Hub/Editor/2022.3.11f1/Editor/Data/Resources/UnitySubsystems
[Subsystems] Discovering subsystems at path C:/Users/Computing/JoelJamGame/Assets
GfxDevice: creating device client; threaded=0; jobified=0
Direct3D:
    Version:  Direct3D 11.0 [level 11.1]
    Renderer: NVIDIA GeForce RTX 3070 (ID=0x2484)
    Vendor:   NVIDIA
    VRAM:     8032 MB
    Driver:   31.0.15.4592
Initialize mono
Mono path[0] = 'C:/Program Files/Unity/Hub/Editor/2022.3.11f1/Editor/Data/Managed'
Mono path[1] = 'C:/Program Files/Unity/Hub/Editor/2022.3.11f1/Editor/Data/MonoBleedingEdge/lib/mono/unityjit-win32'
Mono config path = 'C:/Program Files/Unity/Hub/Editor/2022.3.11f1/Editor/Data/MonoBleedingEdge/etc'
Using monoOptions --debugger-agent=transport=dt_socket,embedding=1,server=y,suspend=n,address=127.0.0.1:56240
Begin MonoManager ReloadAssembly
Registering precompiled unity dll's ...
Register platform support module: C:/Program Files/Unity/Hub/Editor/2022.3.11f1/Editor/Data/PlaybackEngines/AndroidPlayer/UnityEditor.Android.Extensions.dll
Register platform support module: C:/Program Files/Unity/Hub/Editor/2022.3.11f1/Editor/Data/PlaybackEngines/WindowsStandaloneSupport/UnityEditor.WindowsStandalone.Extensions.dll
Registered in 0.005260 seconds.
- Loaded All Assemblies, in  0.257 seconds
Native extension for WindowsStandalone target not found
Native extension for Android target not found
Android Extension - Scanning For ADB Devices 148 ms
Mono: successfully reloaded assembly
- Finished resetting the current domain, in  0.380 seconds
Domain Reload Profiling: 636ms
	BeginReloadAssembly (77ms)
		ExecutionOrderSort (0ms)
		DisableScriptedObjects (0ms)
		BackupInstance (0ms)
		ReleaseScriptingObjects (0ms)
		CreateAndSetChildDomain (1ms)
	RebuildCommonClasses (24ms)
	RebuildNativeTypeToScriptingClass (8ms)
	initialDomainReloadingComplete (40ms)
	LoadAllAssembliesAndSetupDomain (107ms)
		LoadAssemblies (76ms)
		RebuildTransferFunctionScriptingTraits (0ms)
		AnalyzeDomain (105ms)
			TypeCache.Refresh (104ms)
				TypeCache.ScanAssembly (95ms)
			ScanForSourceGeneratedMonoScriptInfo (0ms)
			ResolveRequiredComponents (0ms)
	FinalizeReload (381ms)
		ReleaseScriptCaches (0ms)
		RebuildScriptCaches (0ms)
		SetupLoadedEditorAssemblies (339ms)
			LogAssemblyErrors (0ms)
			InitializePlatformSupportModulesInManaged (233ms)
			SetLoadedEditorAssemblies (3ms)
			RefreshPlugins (0ms)
			BeforeProcessingInitializeOnLoad (2ms)
			ProcessInitializeOnLoadAttributes (70ms)
			ProcessInitializeOnLoadMethodAttributes (33ms)
			AfterProcessingInitializeOnLoad (0ms)
			EditorAssembliesLoaded (0ms)
		ExecutionOrderSort2 (0ms)
		AwakeInstancesAfterBackupRestoration (0ms)
========================================================================
Worker process is ready to serve import requests
Begin MonoManager ReloadAssembly
- Loaded All Assemblies, in  0.436 seconds
Refreshing native plugins compatible for Editor in 2.06 ms, found 3 plugins.
Native extension for WindowsStandalone target not found
Native extension for Android target not found
Package Manager log level set to [2]
[Package Manager] Server::EnsureServerProcessIsRunning -- launch failed, reason: Unity was launched with the -noUpm command-line argument
[Package Manager] UpmClient::Send -- Unable to send message (not connected to UPM process).
[Package Manager] Cannot connect to Unity Package Manager local server
Mono: successfully reloaded assembly
- Finished resetting the current domain, in  0.423 seconds
Domain Reload Profiling: 858ms
	BeginReloadAssembly (102ms)
		ExecutionOrderSort (0ms)
		DisableScriptedObjects (4ms)
		BackupInstance (0ms)
		ReleaseScriptingObjects (0ms)
		CreateAndSetChildDomain (18ms)
	RebuildCommonClasses (22ms)
	RebuildNativeTypeToScriptingClass (8ms)
	initialDomainReloadingComplete (28ms)
	LoadAllAssembliesAndSetupDomain (275ms)
		LoadAssemblies (201ms)
		RebuildTransferFunctionScriptingTraits (0ms)
		AnalyzeDomain (131ms)
			TypeCache.Refresh (116ms)
				TypeCache.ScanAssembly (105ms)
			ScanForSourceGeneratedMonoScriptInfo (11ms)
			ResolveRequiredComponents (3ms)
	FinalizeReload (424ms)
		ReleaseScriptCaches (0ms)
		RebuildScriptCaches (0ms)
		SetupLoadedEditorAssemblies (314ms)
			LogAssemblyErrors (0ms)
			InitializePlatformSupportModulesInManaged (17ms)
			SetLoadedEditorAssemblies (2ms)
			RefreshPlugins (0ms)
			BeforeProcessingInitializeOnLoad (42ms)
			ProcessInitializeOnLoadAttributes (234ms)
			ProcessInitializeOnLoadMethodAttributes (14ms)
			AfterProcessingInitializeOnLoad (4ms)
			EditorAssembliesLoaded (0ms)
		ExecutionOrderSort2 (0ms)
		AwakeInstancesAfterBackupRestoration (4ms)
Launched and connected shader compiler UnityShaderCompiler.exe after 0.03 seconds
Refreshing native plugins compatible for Editor in 2.02 ms, found 3 plugins.
Preloading 0 native plugins for Editor in 0.00 ms.
Unloading 3464 Unused Serialized files (Serialized files now loaded: 0)
Unloading 39 unused Assets / (57.4 KB). Loaded Objects now: 3929.
Memory consumption went from 133.4 MB to 133.3 MB.
Total: 2.516900 ms (FindLiveObjects: 0.158800 ms CreateObjectMapping: 0.083700 ms MarkObjects: 2.200700 ms  DeleteObjects: 0.073000 ms)

AssetImportParameters requested are different than current active one (requested -> active):
  custom:container-demuxer-ogg: 62fdf1f143b41e24485cea50d1cbac27 -> 
  custom:video-codec-MediaFoundation-h265: 746d11721c4dcdbdad8f713fa42b33f4 -> 
  custom:video-decoder-ogg-theora: a1e56fd34408186e4bbccfd4996cb3dc -> 
  custom:framework-win-MediaFoundation: 216162199b28c13a410421893ffa2e32 -> 
  custom:CustomObjectIndexerAttribute: 756ad292c208cfabdd7b50bc23989ffe -> 
  custom:container-demuxer-webm: 4f35f7cbe854078d1ac9338744f61a02 -> 
  custom:container-muxer-webm: aa71ff27fc2769a1b78a27578f13a17b -> 
  custom:video-decoder-webm-vp8: 9c59270c3fd7afecdb556c50c9e8de78 -> 
  custom:SearchIndexIgnoredProperties: e643bd26f0fe6173181afceb89e7c659 -> 
  custom:AudioImporter_EditorPlatform: d09bf68614088b80899f8185d706f6e7 -> 
  custom:video-encoder-webm-vp8: eb34c28f22e8b96e1ab97ce403110664 -> 
  custom:audio-decoder-ogg-vorbis: bf7c407c2cedff20999df2af8eb42d56 -> 
  custom:audio-encoder-webm-vorbis: bf7c407c2cedff20999df2af8eb42d56 -> 
========================================================================
Received Import Request.
  Time since last request: 19041.115667 seconds.
  path: Assets/InputSystem.inputsettings.asset
  artifactKey: Guid(f4f95c832c516da42a1c73a9f47c63cd) Importer(815301076,1909f56bfc062723c751e8b465ee728b)
Start importing Assets/InputSystem.inputsettings.asset using Guid(f4f95c832c516da42a1c73a9f47c63cd) Importer(815301076,1909f56bfc062723c751e8b465ee728b)  -> (artifact id: 'f8cb37b84818a2b6665ada6578e54a4f') in 0.007628 seconds
Number of updated asset objects reloaded before import = 0
Number of asset objects unloaded after import = 1
========================================================================
Received Import Request.
  Time since last request: 0.931110 seconds.
  path: Assets/InputSystem.inputsettings.asset
  artifactKey: Guid(f4f95c832c516da42a1c73a9f47c63cd) Importer(2089858483,0ecaa5967403d082aa24f35e1b516d23)
Start importing Assets/InputSystem.inputsettings.asset using Guid(f4f95c832c516da42a1c73a9f47c63cd) Importer(2089858483,0ecaa5967403d082aa24f35e1b516d23)  -> (artifact id: 'bfce391dbe7bfb1fe85dd24210f0c9e6') in 0.078311 seconds
Number of updated asset objects reloaded before import = 0
Number of asset objects unloaded after import = 1
========================================================================
Received Import Request.
  Time since last request: 325.970333 seconds.
  path: Assets/PlayerActions.inputactions
  artifactKey: Guid(a2c06e666a6c2064f813f9b6d470db78) Importer(2089858483,0ecaa5967403d082aa24f35e1b516d23)
Start importing Assets/PlayerActions.inputactions using Guid(a2c06e666a6c2064f813f9b6d470db78) Importer(2089858483,0ecaa5967403d082aa24f35e1b516d23)  -> (artifact id: 'acc482d986dc19e4470e0ad7110095a4') in 0.026120 seconds
Number of updated asset objects reloaded before import = 0
Number of asset objects unloaded after import = 15
========================================================================
Received Import Request.
  Time since last request: 97.435559 seconds.
  path: Assets/Scenes/SampleScene.unity
  artifactKey: Guid(9fc0d4010bbf28b4594072e72b8655ab) Importer(2089858483,0ecaa5967403d082aa24f35e1b516d23)
Start importing Assets/Scenes/SampleScene.unity using Guid(9fc0d4010bbf28b4594072e72b8655ab) Importer(2089858483,0ecaa5967403d082aa24f35e1b516d23)  -> (artifact id: '5ad48a0467b9d7a2fb8a2e75a15828ab') in 0.006148 seconds
Number of updated asset objects reloaded before import = 0
Number of asset objects unloaded after import = 1
========================================================================
Received Import Request.
  Time since last request: 6.443661 seconds.
  path: Assets/PlayerActions.inputactions
  artifactKey: Guid(a2c06e666a6c2064f813f9b6d470db78) Importer(2089858483,0ecaa5967403d082aa24f35e1b516d23)
Start importing Assets/PlayerActions.inputactions using Guid(a2c06e666a6c2064f813f9b6d470db78) Importer(2089858483,0ecaa5967403d082aa24f35e1b516d23)  -> (artifact id: '54a536636a6c7eec1aa78d0a26dd65b4') in 0.018135 seconds
Number of updated asset objects reloaded before import = 0
Number of asset objects unloaded after import = 13
========================================================================
Received Prepare
Begin MonoManager ReloadAssembly
- Loaded All Assemblies, in  0.313 seconds
Refreshing native plugins compatible for Editor in 2.14 ms, found 3 plugins.
Native extension for WindowsStandalone target not found
Native extension for Android target not found
[Package Manager] Server::EnsureServerProcessIsRunning -- launch failed, reason: Unity was launched with the -noUpm command-line argument
[Package Manager] UpmClient::Send -- Unable to send message (not connected to UPM process).
[Package Manager] Cannot connect to Unity Package Manager local server
Mono: successfully reloaded assembly
- Finished resetting the current domain, in  0.726 seconds
Domain Reload Profiling: 1037ms
	BeginReloadAssembly (112ms)
		ExecutionOrderSort (0ms)
		DisableScriptedObjects (4ms)
		BackupInstance (0ms)
		ReleaseScriptingObjects (0ms)
		CreateAndSetChildDomain (25ms)
	RebuildCommonClasses (24ms)
	RebuildNativeTypeToScriptingClass (8ms)
	initialDomainReloadingComplete (20ms)
	LoadAllAssembliesAndSetupDomain (147ms)
		LoadAssemblies (195ms)
		RebuildTransferFunctionScriptingTraits (0ms)
		AnalyzeDomain (9ms)
			TypeCache.Refresh (5ms)
				TypeCache.ScanAssembly (0ms)
			ScanForSourceGeneratedMonoScriptInfo (0ms)
			ResolveRequiredComponents (3ms)
	FinalizeReload (726ms)
		ReleaseScriptCaches (0ms)
		RebuildScriptCaches (0ms)
		SetupLoadedEditorAssemblies (350ms)
			LogAssemblyErrors (0ms)
			InitializePlatformSupportModulesInManaged (20ms)
			SetLoadedEditorAssemblies (2ms)
			RefreshPlugins (0ms)
			BeforeProcessingInitializeOnLoad (49ms)
			ProcessInitializeOnLoadAttributes (252ms)
			ProcessInitializeOnLoadMethodAttributes (20ms)
			AfterProcessingInitializeOnLoad (5ms)
			EditorAssembliesLoaded (0ms)
		ExecutionOrderSort2 (0ms)
		AwakeInstancesAfterBackupRestoration (5ms)
Refreshing native plugins compatible for Editor in 2.32 ms, found 3 plugins.
Preloading 0 native plugins for Editor in 0.00 ms.
Unloading 3455 Unused Serialized files (Serialized files now loaded: 0)
Unloading 24 unused Assets / (31.5 KB). Loaded Objects now: 3933.
Memory consumption went from 133.2 MB to 133.2 MB.
Total: 2.929200 ms (FindLiveObjects: 0.172600 ms CreateObjectMapping: 0.130300 ms MarkObjects: 2.588000 ms  DeleteObjects: 0.037200 ms)

Prepare: number of updated asset objects reloaded= 0
AssetImportParameters requested are different than current active one (requested -> active):
  custom:container-demuxer-ogg: 62fdf1f143b41e24485cea50d1cbac27 -> 
  custom:video-codec-MediaFoundation-h265: 746d11721c4dcdbdad8f713fa42b33f4 -> 
  custom:video-decoder-ogg-theora: a1e56fd34408186e4bbccfd4996cb3dc -> 
  custom:framework-win-MediaFoundation: 216162199b28c13a410421893ffa2e32 -> 
  custom:CustomObjectIndexerAttribute: 756ad292c208cfabdd7b50bc23989ffe -> 
  custom:container-demuxer-webm: 4f35f7cbe854078d1ac9338744f61a02 -> 
  custom:container-muxer-webm: aa71ff27fc2769a1b78a27578f13a17b -> 
  custom:video-decoder-webm-vp8: 9c59270c3fd7afecdb556c50c9e8de78 -> 
  custom:SearchIndexIgnoredProperties: e643bd26f0fe6173181afceb89e7c659 -> 
  custom:AudioImporter_EditorPlatform: d09bf68614088b80899f8185d706f6e7 -> 
  custom:video-encoder-webm-vp8: eb34c28f22e8b96e1ab97ce403110664 -> 
  custom:audio-decoder-ogg-vorbis: bf7c407c2cedff20999df2af8eb42d56 -> 
  custom:audio-encoder-webm-vorbis: bf7c407c2cedff20999df2af8eb42d56 -> 
========================================================================
Received Prepare
Begin MonoManager ReloadAssembly
- Loaded All Assemblies, in  0.320 seconds
Refreshing native plugins compatible for Editor in 3.27 ms, found 3 plugins.
Native extension for WindowsStandalone target not found
Native extension for Android target not found
[Package Manager] Server::EnsureServerProcessIsRunning -- launch failed, reason: Unity was launched with the -noUpm command-line argument
[Package Manager] UpmClient::Send -- Unable to send message (not connected to UPM process).
[Package Manager] Cannot connect to Unity Package Manager local server
Mono: successfully reloaded assembly
- Finished resetting the current domain, in  0.690 seconds
Domain Reload Profiling: 1009ms
	BeginReloadAssembly (112ms)
		ExecutionOrderSort (0ms)
		DisableScriptedObjects (4ms)
		BackupInstance (0ms)
		ReleaseScriptingObjects (0ms)
		CreateAndSetChildDomain (25ms)
	RebuildCommonClasses (23ms)
	RebuildNativeTypeToScriptingClass (8ms)
	initialDomainReloadingComplete (20ms)
	LoadAllAssembliesAndSetupDomain (154ms)
		LoadAssemblies (186ms)
		RebuildTransferFunctionScriptingTraits (0ms)
		AnalyzeDomain (27ms)
			TypeCache.Refresh (6ms)
				TypeCache.ScanAssembly (0ms)
			ScanForSourceGeneratedMonoScriptInfo (14ms)
			ResolveRequiredComponents (5ms)
	FinalizeReload (691ms)
		ReleaseScriptCaches (0ms)
		RebuildScriptCaches (0ms)
		SetupLoadedEditorAssemblies (330ms)
			LogAssemblyErrors (0ms)
			InitializePlatformSupportModulesInManaged (19ms)
			SetLoadedEditorAssemblies (2ms)
			RefreshPlugins (0ms)
			BeforeProcessingInitializeOnLoad (46ms)
			ProcessInitializeOnLoadAttributes (241ms)
			ProcessInitializeOnLoadMethodAttributes (16ms)
			AfterProcessingInitializeOnLoad (5ms)
			EditorAssembliesLoaded (0ms)
		ExecutionOrderSort2 (0ms)
		AwakeInstancesAfterBackupRestoration (5ms)
Refreshing native plugins compatible for Editor in 2.61 ms, found 3 plugins.
Preloading 0 native plugins for Editor in 0.00 ms.
Unloading 3456 Unused Serialized files (Serialized files now loaded: 0)
Unloading 24 unused Assets / (31.5 KB). Loaded Objects now: 3936.
Memory consumption went from 135.4 MB to 135.4 MB.
Total: 2.655800 ms (FindLiveObjects: 0.194800 ms CreateObjectMapping: 0.125200 ms MarkObjects: 2.295500 ms  DeleteObjects: 0.039200 ms)

Prepare: number of updated asset objects reloaded= 0
AssetImportParameters requested are different than current active one (requested -> active):
  custom:container-demuxer-ogg: 62fdf1f143b41e24485cea50d1cbac27 -> 
  custom:video-codec-MediaFoundation-h265: 746d11721c4dcdbdad8f713fa42b33f4 -> 
  custom:video-decoder-ogg-theora: a1e56fd34408186e4bbccfd4996cb3dc -> 
  custom:framework-win-MediaFoundation: 216162199b28c13a410421893ffa2e32 -> 
  custom:CustomObjectIndexerAttribute: 756ad292c208cfabdd7b50bc23989ffe -> 
  custom:container-demuxer-webm: 4f35f7cbe854078d1ac9338744f61a02 -> 
  custom:container-muxer-webm: aa71ff27fc2769a1b78a27578f13a17b -> 
  custom:video-decoder-webm-vp8: 9c59270c3fd7afecdb556c50c9e8de78 -> 
  custom:SearchIndexIgnoredProperties: e643bd26f0fe6173181afceb89e7c659 -> 
  custom:AudioImporter_EditorPlatform: d09bf68614088b80899f8185d706f6e7 -> 
  custom:video-encoder-webm-vp8: eb34c28f22e8b96e1ab97ce403110664 -> 
  custom:audio-decoder-ogg-vorbis: bf7c407c2cedff20999df2af8eb42d56 -> 
  custom:audio-encoder-webm-vorbis: bf7c407c2cedff20999df2af8eb42d56 -> 
========================================================================
Received Import Request.
  Time since last request: 238.509023 seconds.
  path: Assets/PlayerActions.inputactions
  artifactKey: Guid(a2c06e666a6c2064f813f9b6d470db78) Importer(815301076,1909f56bfc062723c751e8b465ee728b)
Start importing Assets/PlayerActions.inputactions using Guid(a2c06e666a6c2064f813f9b6d470db78) Importer(815301076,1909f56bfc062723c751e8b465ee728b)  -> (artifact id: '192118f72a51961258298d7ec1c135db') in 0.010829 seconds
Number of updated asset objects reloaded before import = 0
Number of asset objects unloaded after import = 12
========================================================================
Received Import Request.
  Time since last request: 246.106010 seconds.
  path: Assets/Fruits/Cherry.prefab
  artifactKey: Guid(e6345a75a03298d4fa4ac8a27beb0b47) Importer(815301076,1909f56bfc062723c751e8b465ee728b)
Start importing Assets/Fruits/Cherry.prefab using Guid(e6345a75a03298d4fa4ac8a27beb0b47) Importer(815301076,1909f56bfc062723c751e8b465ee728b)  -> (artifact id: '098f8635f42fe4dfb83799fffb7c1a98') in 0.056870 seconds
Number of updated asset objects reloaded before import = 0
Number of asset objects unloaded after import = 17
========================================================================
Received Import Request.
  Time since last request: 3.335415 seconds.
  path: Assets/Fruits/Redberry.prefab
  artifactKey: Guid(0b268ae7af4c818409a1b46d85fbd994) Importer(815301076,1909f56bfc062723c751e8b465ee728b)
Start importing Assets/Fruits/Redberry.prefab using Guid(0b268ae7af4c818409a1b46d85fbd994) Importer(815301076,1909f56bfc062723c751e8b465ee728b)  -> (artifact id: 'de326a2e5d35a884a0f8d3433c30afaa') in 0.006200 seconds
Number of updated asset objects reloaded before import = 0
Number of asset objects unloaded after import = 16
========================================================================
Received Import Request.
  Time since last request: 13.907158 seconds.
  path: Assets/Fruits/Blueberry.prefab
  artifactKey: Guid(8657bdb94a3efb1449436a2786378300) Importer(815301076,1909f56bfc062723c751e8b465ee728b)
Start importing Assets/Fruits/Blueberry.prefab using Guid(8657bdb94a3efb1449436a2786378300) Importer(815301076,1909f56bfc062723c751e8b465ee728b)  -> (artifact id: 'c7a642bd460413202c3250cdf4043f94') in 0.009056 seconds
Number of updated asset objects reloaded before import = 0
Number of asset objects unloaded after import = 17
========================================================================
Received Import Request.
  Time since last request: 30.054643 seconds.
  path: Assets/Fruits/RedGrape.prefab
  artifactKey: Guid(9847cb76c991017489857278f2a5fdee) Importer(815301076,1909f56bfc062723c751e8b465ee728b)
Start importing Assets/Fruits/RedGrape.prefab using Guid(9847cb76c991017489857278f2a5fdee) Importer(815301076,1909f56bfc062723c751e8b465ee728b)  -> (artifact id: 'ac2b421c494d0911fdba481f252f4e1b') in 0.005666 seconds
Number of updated asset objects reloaded before import = 0
Number of asset objects unloaded after import = 18
========================================================================
Received Import Request.
  Time since last request: 2.419226 seconds.
  path: Assets/Fruits/Plum.prefab
  artifactKey: Guid(c080ee664c5db0f4b8c91c862714eb4d) Importer(815301076,1909f56bfc062723c751e8b465ee728b)
Start importing Assets/Fruits/Plum.prefab using Guid(c080ee664c5db0f4b8c91c862714eb4d) Importer(815301076,1909f56bfc062723c751e8b465ee728b)  -> (artifact id: '0297c5aadb5fcc26527ca39e86bc827c') in 0.009846 seconds
Number of updated asset objects reloaded before import = 0
Number of asset objects unloaded after import = 18
========================================================================
Received Import Request.
  Time since last request: 6.475548 seconds.
  path: Assets/Fruits/GreenGrape.prefab
  artifactKey: Guid(867d8d1f191852f4287ff368d2224571) Importer(815301076,1909f56bfc062723c751e8b465ee728b)
Start importing Assets/Fruits/GreenGrape.prefab using Guid(867d8d1f191852f4287ff368d2224571) Importer(815301076,1909f56bfc062723c751e8b465ee728b)  -> (artifact id: 'd8ef38fb5c53a7ec3870a626cb9308da') in 0.010015 seconds
Number of updated asset objects reloaded before import = 0
Number of asset objects unloaded after import = 18
========================================================================
Received Import Request.
  Time since last request: 2.805424 seconds.
  path: Assets/Fruits/Kiwi.prefab
  artifactKey: Guid(9f3cd333821d6db479428aa3eb7c074d) Importer(815301076,1909f56bfc062723c751e8b465ee728b)
Start importing Assets/Fruits/Kiwi.prefab using Guid(9f3cd333821d6db479428aa3eb7c074d) Importer(815301076,1909f56bfc062723c751e8b465ee728b)  -> (artifact id: 'e89989b53436c6e432ee1fdee8ce601a') in 0.010864 seconds
Number of updated asset objects reloaded before import = 0
Number of asset objects unloaded after import = 18
========================================================================
Received Import Request.
  Time since last request: 132.654602 seconds.
  path: Assets/Fruits/Apple.prefab
  artifactKey: Guid(72ffcfbe8d18a504ba84a49f4a3350dc) Importer(815301076,1909f56bfc062723c751e8b465ee728b)
Start importing Assets/Fruits/Apple.prefab using Guid(72ffcfbe8d18a504ba84a49f4a3350dc) Importer(815301076,1909f56bfc062723c751e8b465ee728b)  -> (artifact id: '0657ee04871931f364af4cef88193c4d') in 0.018518 seconds
Number of updated asset objects reloaded before import = 0
Number of asset objects unloaded after import = 18
========================================================================
Received Import Request.
  Time since last request: 0.000018 seconds.
  path: Assets/Fruits/RedGrape.prefab
  artifactKey: Guid(9847cb76c991017489857278f2a5fdee) Importer(815301076,1909f56bfc062723c751e8b465ee728b)
Start importing Assets/Fruits/RedGrape.prefab using Guid(9847cb76c991017489857278f2a5fdee) Importer(815301076,1909f56bfc062723c751e8b465ee728b)  -> (artifact id: '14b7486159fd1b792da8030dd9eb0668') in 0.012445 seconds
Number of updated asset objects reloaded before import = 0
Number of asset objects unloaded after import = 18
========================================================================
Received Import Request.
  Time since last request: 0.000013 seconds.
  path: Assets/Fruits/Kiwi.prefab
  artifactKey: Guid(9f3cd333821d6db479428aa3eb7c074d) Importer(815301076,1909f56bfc062723c751e8b465ee728b)
Start importing Assets/Fruits/Kiwi.prefab using Guid(9f3cd333821d6db479428aa3eb7c074d) Importer(815301076,1909f56bfc062723c751e8b465ee728b)  -> (artifact id: '3febca91eb601aa31a795edf5bd746a3') in 0.006193 seconds
Number of updated asset objects reloaded before import = 0
Number of asset objects unloaded after import = 18
========================================================================
Received Import Request.
  Time since last request: 0.000015 seconds.
  path: Assets/Fruits/Plum.prefab
  artifactKey: Guid(c080ee664c5db0f4b8c91c862714eb4d) Importer(815301076,1909f56bfc062723c751e8b465ee728b)
Start importing Assets/Fruits/Plum.prefab using Guid(c080ee664c5db0f4b8c91c862714eb4d) Importer(815301076,1909f56bfc062723c751e8b465ee728b)  -> (artifact id: 'c0dda9b24e876b88f2e7b5c32fc333d1') in 0.006353 seconds
Number of updated asset objects reloaded before import = 0
Number of asset objects unloaded after import = 18
========================================================================
Received Import Request.
  Time since last request: 0.000012 seconds.
  path: Assets/Fruits/GreenGrape.prefab
  artifactKey: Guid(867d8d1f191852f4287ff368d2224571) Importer(815301076,1909f56bfc062723c751e8b465ee728b)
Start importing Assets/Fruits/GreenGrape.prefab using Guid(867d8d1f191852f4287ff368d2224571) Importer(815301076,1909f56bfc062723c751e8b465ee728b)  -> (artifact id: 'ab451f59ec95937aee2939294f2275f1') in 0.006063 seconds
Number of updated asset objects reloaded before import = 0
Number of asset objects unloaded after import = 18
========================================================================
Received Import Request.
  Time since last request: 0.000017 seconds.
  path: Assets/Fruits/Redberry.prefab
  artifactKey: Guid(0b268ae7af4c818409a1b46d85fbd994) Importer(815301076,1909f56bfc062723c751e8b465ee728b)
Start importing Assets/Fruits/Redberry.prefab using Guid(0b268ae7af4c818409a1b46d85fbd994) Importer(815301076,1909f56bfc062723c751e8b465ee728b)  -> (artifact id: '10066ab510f6ca8d8269029d36293ec6') in 0.015093 seconds
Number of updated asset objects reloaded before import = 0
Number of asset objects unloaded after import = 16
========================================================================
Received Import Request.
  Time since last request: 0.000014 seconds.
  path: Assets/Fruits/Cherry.prefab
  artifactKey: Guid(e6345a75a03298d4fa4ac8a27beb0b47) Importer(815301076,1909f56bfc062723c751e8b465ee728b)
Start importing Assets/Fruits/Cherry.prefab using Guid(e6345a75a03298d4fa4ac8a27beb0b47) Importer(815301076,1909f56bfc062723c751e8b465ee728b)  -> (artifact id: '71a55a6f59d031e5b7edd8f3bb283fa3') in 0.011106 seconds
Number of updated asset objects reloaded before import = 0
Number of asset objects unloaded after import = 17
========================================================================
Received Import Request.
  Time since last request: 0.000016 seconds.
  path: Assets/Fruits/GreenApple.prefab
  artifactKey: Guid(9cde9c7f5452c5b459a30f8938c873b3) Importer(815301076,1909f56bfc062723c751e8b465ee728b)
Start importing Assets/Fruits/GreenApple.prefab using Guid(9cde9c7f5452c5b459a30f8938c873b3) Importer(815301076,1909f56bfc062723c751e8b465ee728b)  -> (artifact id: 'f670e5450ac3a74701010bfc49705da7') in 0.005973 seconds
Number of updated asset objects reloaded before import = 0
Number of asset objects unloaded after import = 17
========================================================================
Received Import Request.
  Time since last request: 31.685807 seconds.
  path: Assets/Fruits/Apple.prefab
  artifactKey: Guid(72ffcfbe8d18a504ba84a49f4a3350dc) Importer(815301076,1909f56bfc062723c751e8b465ee728b)
Start importing Assets/Fruits/Apple.prefab using Guid(72ffcfbe8d18a504ba84a49f4a3350dc) Importer(815301076,1909f56bfc062723c751e8b465ee728b)  -> (artifact id: '4bfb1ed33050e49ac0a3cc3168e0171d') in 0.014384 seconds
Number of updated asset objects reloaded before import = 0
Number of asset objects unloaded after import = 18
========================================================================
Received Import Request.
  Time since last request: 0.000016 seconds.
  path: Assets/Fruits/Kiwi.prefab
  artifactKey: Guid(9f3cd333821d6db479428aa3eb7c074d) Importer(815301076,1909f56bfc062723c751e8b465ee728b)
Start importing Assets/Fruits/Kiwi.prefab using Guid(9f3cd333821d6db479428aa3eb7c074d) Importer(815301076,1909f56bfc062723c751e8b465ee728b)  -> (artifact id: 'a8140c991fca79982a93a754c7dd1d67') in 0.012802 seconds
Number of updated asset objects reloaded before import = 0
Number of asset objects unloaded after import = 18
========================================================================
Received Import Request.
  Time since last request: 0.000013 seconds.
  path: Assets/Fruits/GreenGrape.prefab
  artifactKey: Guid(867d8d1f191852f4287ff368d2224571) Importer(815301076,1909f56bfc062723c751e8b465ee728b)
Start importing Assets/Fruits/GreenGrape.prefab using Guid(867d8d1f191852f4287ff368d2224571) Importer(815301076,1909f56bfc062723c751e8b465ee728b)  -> (artifact id: 'e8b62eded611bb11bac1555fdfaa7283') in 0.006720 seconds
Number of updated asset objects reloaded before import = 0
Number of asset objects unloaded after import = 18
========================================================================
Received Import Request.
  Time since last request: 0.000042 seconds.
  path: Assets/Fruits/GreenApple.prefab
  artifactKey: Guid(9cde9c7f5452c5b459a30f8938c873b3) Importer(815301076,1909f56bfc062723c751e8b465ee728b)
Start importing Assets/Fruits/GreenApple.prefab using Guid(9cde9c7f5452c5b459a30f8938c873b3) Importer(815301076,1909f56bfc062723c751e8b465ee728b)  -> (artifact id: '9cb0ee9025c9cf0fdf139b79b8961881') in 0.011858 seconds
Number of updated asset objects reloaded before import = 0
Number of asset objects unloaded after import = 17
========================================================================
Received Import Request.
  Time since last request: 5.820107 seconds.
  path: Assets/Fruits/Cherry.prefab
  artifactKey: Guid(e6345a75a03298d4fa4ac8a27beb0b47) Importer(815301076,1909f56bfc062723c751e8b465ee728b)
Start importing Assets/Fruits/Cherry.prefab using Guid(e6345a75a03298d4fa4ac8a27beb0b47) Importer(815301076,1909f56bfc062723c751e8b465ee728b)  -> (artifact id: '1ac25c127e9fc012d010d0aef4b1b16c') in 0.005485 seconds
Number of updated asset objects reloaded before import = 0
Number of asset objects unloaded after import = 18
========================================================================
Received Import Request.
  Time since last request: 25.936944 seconds.
  path: Assets/Fruits/Apple.prefab
  artifactKey: Guid(72ffcfbe8d18a504ba84a49f4a3350dc) Importer(815301076,1909f56bfc062723c751e8b465ee728b)
Start importing Assets/Fruits/Apple.prefab using Guid(72ffcfbe8d18a504ba84a49f4a3350dc) Importer(815301076,1909f56bfc062723c751e8b465ee728b)  -> (artifact id: '5dc57b7bffdd9b51fe51c9f48fd6cabd') in 0.010437 seconds
Number of updated asset objects reloaded before import = 0
Number of asset objects unloaded after import = 18
========================================================================
Received Import Request.
  Time since last request: 0.000014 seconds.
  path: Assets/Fruits/Kiwi.prefab
  artifactKey: Guid(9f3cd333821d6db479428aa3eb7c074d) Importer(815301076,1909f56bfc062723c751e8b465ee728b)
Start importing Assets/Fruits/Kiwi.prefab using Guid(9f3cd333821d6db479428aa3eb7c074d) Importer(815301076,1909f56bfc062723c751e8b465ee728b)  -> (artifact id: '922c96a2be840851fe98bed1e21f694f') in 0.025823 seconds
Number of updated asset objects reloaded before import = 0
Number of asset objects unloaded after import = 18
========================================================================
Received Import Request.
  Time since last request: 22.894884 seconds.
  path: Assets/Fruits/GreenGrape.prefab
  artifactKey: Guid(867d8d1f191852f4287ff368d2224571) Importer(815301076,1909f56bfc062723c751e8b465ee728b)
Start importing Assets/Fruits/GreenGrape.prefab using Guid(867d8d1f191852f4287ff368d2224571) Importer(815301076,1909f56bfc062723c751e8b465ee728b)  -> (artifact id: '3ce11e93c321aded75735b558c8cea59') in 0.005469 seconds
Number of updated asset objects reloaded before import = 0
Number of asset objects unloaded after import = 19
